============================================================
PROCESSAMENTO NJUDs SETEMBRO
============================================================

========================================
NJUD 1951 (dia 03/SET, 03 09 - QUI)
========================================
  [COPIAR] NJUD 1951: copiando 4 boletins...
    OK: OK
    OK: OK
    OK: OK
    OK: OK
  [OK] Workspace NJUD 1951 pronto
  [DIVIDIR] NJUD 1951...
Exception in thread Thread-9 (_readerthread):
Traceback (most recent call last):
  File "C:\Users\THIAGO\AppData\Local\hermes\tools\python-3.14.7+20260901-win32-x64\Lib\threading.py", line 1082, in _bootstrap_inner
    self._context.run(self.run)
    ~~~~~~~~~~~~~~~~~^^^^^^^^^^
  File "C:\Users\THIAGO\AppData\Local\hermes\tools\python-3.14.7+20260901-win32-x64\Lib\threading.py", line 1024, in run
    self._target(*self._args, **self._kwargs)
    ~~~~~~~~~~~~^^^^^^^^^^^^^^^^^^^^^^^^^^^^^
  File "C:\Users\THIAGO\AppData\Local\hermes\tools\python-3.14.7+20260901-win32-x64\Lib\subprocess.py", line 1614, in _readerthread
    buffer.append(fh.read())
                  ~~~~~~~^^
  File "<frozen codecs>", line 325, in decode
UnicodeDecodeError: 'utf-8' codec can't decode byte 0xe3 in position 68: invalid continuation byte
    ERRO divisao: exit 1
Traceback (most recent call last):
  File "E:\02_Projetos_Trabalho\Projetos_Ativos\DIVISOR\processar_njuds_setembro.py", line 201, in <module>
    main()
    ~~~~^^
  File "E:\02_Projetos_Trabalho\Projetos_Ativos\DIVISOR\processar_njuds_setembro.py", line 184, in main
    if not executar_divisao(njud_info):
           ~~~~~~~~~~~~~~~~^^^^^^^^^^^
  File "E:\02_Projetos_Trabalho\Projetos_Ativos\DIVISOR\processar_njuds_setembro.py", line 115, in executar_divisao
    print(f"    STDOUT: {result.stdout[-500:]}")
                         ~~~~~~~~~~~~~^^^^^^^
TypeError: 'NoneType' object is not subscriptable
