============================================================
PROCESSAMENTO NJUDs SETEMBRO
============================================================

========================================
NJUD 1951 (dia 03/SET, 03 09 - QUI)
========================================
  [COPIAR] NJUD 1951: copiando 4 boletins...
    OK: BB1
    OK: BB2
    OK: BB3
    OK: BB4
  [OK] Workspace NJUD 1951 pronto
  [DIVIDIR] NJUD 1951...
    ERRO divisao: exit 1
    LOG: kspace
Saída   : E:\02_Projetos_Trabalho\Projetos_Ativos\DIVISOR/data/processed/PRODUCAO_2026/JORNAIS_DIVIDIDOS/NJUD_1951

2026-09-26 23:23:02,962 [INFO] dividir: entrada=E:\02_Projetos_Trabalho\Projetos_Ativos\DIVISOR\tmp\njud_1951_workspace saida=E:\02_Projetos_Trabalho\Projetos_Ativos\DIVISOR\data\processed\PRODUCAO_2026\JORNAIS_DIVIDIDOS\NJUD_1951 aplicar=True
2026-09-26 23:23:02,962 [WARNING] nenhum MP3 encontrado em E:\02_Projetos_Trabalho\Projetos_Ativos\DIVISOR\tmp\njud_1951_workspace

  ERRO: falha na divisao NJUD 1951

========================================
NJUD 1953 (dia 04/SET, 04 09 - SEX)
========================================
  [COPIAR] NJUD 1953: copiando 4 boletins...
    OK: BB1
    OK: BB2
    OK: BB3
    OK: BB7
  [OK] Workspace NJUD 1953 pronto
  [DIVIDIR] NJUD 1953...
    ERRO divisao: exit 1
    LOG: kspace
Saída   : E:\02_Projetos_Trabalho\Projetos_Ativos\DIVISOR/data/processed/PRODUCAO_2026/JORNAIS_DIVIDIDOS/NJUD_1953

2026-09-26 23:23:04,757 [INFO] dividir: entrada=E:\02_Projetos_Trabalho\Projetos_Ativos\DIVISOR\tmp\njud_1953_workspace saida=E:\02_Projetos_Trabalho\Projetos_Ativos\DIVISOR\data\processed\PRODUCAO_2026\JORNAIS_DIVIDIDOS\NJUD_1953 aplicar=True
2026-09-26 23:23:04,757 [WARNING] nenhum MP3 encontrado em E:\02_Projetos_Trabalho\Projetos_Ativos\DIVISOR\tmp\njud_1953_workspace

  ERRO: falha na divisao NJUD 1953

========================================
NJUD 1954 (dia 09/SET, 09 09 - QUA)
========================================
  [COPIAR] NJUD 1954: copiando 4 boletins...
    OK: BB3
    OK: BB5
    OK: BB6
    OK: BB7
  [OK] Workspace NJUD 1954 pronto
  [DIVIDIR] NJUD 1954...
    ERRO divisao: exit 1
    LOG: kspace
Saída   : E:\02_Projetos_Trabalho\Projetos_Ativos\DIVISOR/data/processed/PRODUCAO_2026/JORNAIS_DIVIDIDOS/NJUD_1954

2026-09-26 23:23:06,549 [INFO] dividir: entrada=E:\02_Projetos_Trabalho\Projetos_Ativos\DIVISOR\tmp\njud_1954_workspace saida=E:\02_Projetos_Trabalho\Projetos_Ativos\DIVISOR\data\processed\PRODUCAO_2026\JORNAIS_DIVIDIDOS\NJUD_1954 aplicar=True
2026-09-26 23:23:06,549 [WARNING] nenhum MP3 encontrado em E:\02_Projetos_Trabalho\Projetos_Ativos\DIVISOR\tmp\njud_1954_workspace

  ERRO: falha na divisao NJUD 1954

========================================
NJUD 1957 (dia 14/SET, 14 09 - SEG)
========================================
  [COPIAR] NJUD 1957: copiando 4 boletins...
    OK: BB1
    OK: BB5
    OK: BB6
    OK: BB7
  [OK] Workspace NJUD 1957 pronto
  [DIVIDIR] NJUD 1957...
    ERRO divisao: exit 1
    LOG: kspace
Saída   : E:\02_Projetos_Trabalho\Projetos_Ativos\DIVISOR/data/processed/PRODUCAO_2026/JORNAIS_DIVIDIDOS/NJUD_1957

2026-09-26 23:23:08,421 [INFO] dividir: entrada=E:\02_Projetos_Trabalho\Projetos_Ativos\DIVISOR\tmp\njud_1957_workspace saida=E:\02_Projetos_Trabalho\Projetos_Ativos\DIVISOR\data\processed\PRODUCAO_2026\JORNAIS_DIVIDIDOS\NJUD_1957 aplicar=True
2026-09-26 23:23:08,422 [WARNING] nenhum MP3 encontrado em E:\02_Projetos_Trabalho\Projetos_Ativos\DIVISOR\tmp\njud_1957_workspace

  ERRO: falha na divisao NJUD 1957

========================================
PROCESSAMENTO CONCLUIDO
========================================
